TaskUpgradeBoardFirmware.c:50:17:UpdateCRC16	24	static
TaskUpgradeBoardFirmware.c:70:17:Cal_CRC16	24	static
TaskUpgradeBoardFirmware.c:84:16:SPI_WaitForStateReady	16	static
TaskUpgradeBoardFirmware.c:105:16:SEND_Command	16	static
TaskUpgradeBoardFirmware.c:115:16:RECEIVE_Responce	16	static
TaskUpgradeBoardFirmware.c:125:12:SEND_CommandFirmwareUpgradeInit	16	static
TaskUpgradeBoardFirmware.c:151:12:SEND_CommandStartEraseFlash	16	static
TaskUpgradeBoardFirmware.c:177:12:SEND_CommandEraseFlash	16	static
TaskUpgradeBoardFirmware.c:203:12:SEND_CommandWriteData	8	static
TaskUpgradeBoardFirmware.c:230:12:SEND_CommandWriteDataInit	32	static
TaskUpgradeBoardFirmware.c:282:12:ReadFile	864	static
TaskUpgradeBoardFirmware.c:309:13:PrepareFile2Send	4	static
TaskUpgradeBoardFirmware.c:320:13:TaskBootMessageToDialog	16	static
TaskUpgradeBoardFirmware.c:329:6:vCloseTaskFirmwareUpgrade	8	static
TaskUpgradeBoardFirmware.c:339:13:vBoardFirmwareUpgrade_Init	8	static
TaskUpgradeBoardFirmware.c:351:13:vStartEraseFlash	16	static
TaskUpgradeBoardFirmware.c:374:13:vEraseFlash	16	static
TaskUpgradeBoardFirmware.c:397:13:vWriteData	16	static
TaskUpgradeBoardFirmware.c:426:13:vTaskFirmwareUpgrade	16	static
TaskUpgradeBoardFirmware.c:465:6:CreateUpgradeBoardFirmwareTask	24	static
