ethernetif.c:132:6:HAL_ETH_MspInit	64	static
ethernetif.c:199:6:HAL_ETH_MspDeInit	16	static
ethernetif.c:246:6:HAL_ETH_RxCpltCallback	16	static
ethernetif.c:265:13:low_level_init	72	static
ethernetif.c:392:14:low_level_output	80	static
ethernetif.c:438:22:low_level_input	104	static,ignoring_inline_asm
ethernetif.c:484:6:ethernetif_input	24	static
ethernetif.c:542:7:ethernetif_init	16	static
ethernetif.c:586:6:pbuf_free_custom	24	static
ethernetif.c:601:7:sys_jiffies	8	static
ethernetif.c:612:7:sys_now	8	static
ethernetif.c:629:6:ethernet_link_thread	136	static
