LCDConf.c:344:13:_ClearCacheHook	40	static,ignoring_inline_asm
LCDConf.c:378:1:_Color2IndexBulk_M8888I_DMA2D	32	static
LCDConf.c:378:1:_Index2ColorBulk_M8888I_DMA2D	32	static
LCDConf.c:380:1:_Color2IndexBulk_M888_DMA2D	32	static
LCDConf.c:380:1:_Index2ColorBulk_M888_DMA2D	32	static
LCDConf.c:381:1:_Color2IndexBulk_M565_DMA2D	32	static
LCDConf.c:381:1:_Index2ColorBulk_M565_DMA2D	32	static
LCDConf.c:382:1:_Color2IndexBulk_M1555I_DMA2D	32	static
LCDConf.c:382:1:_Index2ColorBulk_M1555I_DMA2D	32	static
LCDConf.c:383:1:_Color2IndexBulk_M4444I_DMA2D	32	static
LCDConf.c:383:1:_Index2ColorBulk_M4444I_DMA2D	32	static
LCDConf.c:390:12:_GetPixelformat	24	static
LCDConf.c:440:13:LCD_LL_LayerInit	24	static
LCDConf.c:479:13:_DMA2D_ExecOperation	4	static
LCDConf.c:498:13:_DMA_Copy	32	static
LCDConf.c:537:13:_DMA_CopyRGB565	24	static
LCDConf.c:572:13:_DMA_Fill	32	static
LCDConf.c:608:13:_DMA_AlphaBlendingBulk	24	static
LCDConf.c:645:13:_DMA_MixColorsBulk	24	static
LCDConf.c:683:13:_DMA_ConvertColor	24	static
LCDConf.c:719:13:_DMA_DrawBitmapL8	24	static
LCDConf.c:755:12:_DMA_DrawBitmapA4	48	static
LCDConf.c:822:13:_DMA_DrawAlphaBitmap	24	static
LCDConf.c:856:13:_DMA_LoadLUT	16	static
LCDConf.c:875:13:_DMA_AlphaBlending	24	static
LCDConf.c:889:13:_DMA_Index2ColorBulk	32	static
LCDConf.c:903:13:_DMA_Color2IndexBulk	32	static
LCDConf.c:921:13:_LCD_MixColorsBulk	40	static
LCDConf.c:944:12:_GetBufferSize	24	static
LCDConf.c:960:13:_LCD_CopyBuffer	64	static
LCDConf.c:983:13:_LCD_CopyRect	56	static
LCDConf.c:1005:13:_LCD_FillRect	48	static
LCDConf.c:1040:13:_LCD_DrawBitmap32bpp	56	static
LCDConf.c:1063:6:_LCD_DrawBitmap16bpp	56	static
LCDConf.c:1086:13:_LCD_DrawBitmap8bpp	72	static
LCDConf.c:1110:12:_LCD_DrawBitmap4bpp	72	static
LCDConf.c:1155:13:_LCD_DrawMemdev16bpp	40	static
LCDConf.c:1174:13:_LCD_DrawMemdevAlpha	48	static
LCDConf.c:1193:13:_LCD_DrawBitmapAlpha	64	static
LCDConf.c:1215:25:_LCD_GetpPalConvTable	32	static
LCDConf.c:1267:6:HAL_LTDC_LineEventCallback	24	static
LCDConf.c:1302:5:LCD_X_DisplayDriver	80	static
LCDConf.c:1452:6:LCD_X_Config	24	static
