ExpansionCards.c:122:6:SetDefaultCardParameters	40	static
ExpansionCards.c:160:6:IOBoards_InitalizeBoard	24	static
ExpansionCards.c:208:6:IOBoards_InitalizeBoards	16	static
ExpansionCards.c:259:6:IOBoards_ReadBoardID	16	static
ExpansionCards.c:272:13:IOBoards_WriteSettingsToInputBoard	24	static
ExpansionCards.c:283:13:IOBoards_WriteSettingsToOUT6RLBoard	24	static
ExpansionCards.c:294:13:IOBoards_WriteSettingsToOUT3Board	24	static
ExpansionCards.c:314:13:IOBoards_WriteSettingsToHARTBoard	24	static
ExpansionCards.c:348:6:IOBoards_WriteSettingsToRS485Board	24	static
ExpansionCards.c:376:6:IOBoards_WriteSettingsToBoard	16	static
ExpansionCards.c:424:6:TEST_ExpansionCardERROR	16	static
ExpansionCards.c:436:6:IOBoards_ReadFromInputBoards	24	static
ExpansionCards.c:466:13:IOBoards_HandleBoardError1	40	static
ExpansionCards.c:473:6:ResetIN6DCardsValues	16	static
ExpansionCards.c:485:6:IOBoards_ReadFromIN6DBoards	32	static
ExpansionCards.c:548:6:IOBoards_ReadFrom2RS485Board	24	static
ExpansionCards.c:566:6:IOBoards_ReadFromHARTBoard	24	static
ExpansionCards.c:586:6:IOBoards_ReadFromTCBoard	24	static
ExpansionCards.c:616:6:IOBoards_WriteToOutputBoards	32	static
ExpansionCards.c:631:6:IOBoards_WriteToOUT3Board	24	static
ExpansionCards.c:651:16:IOBoards_SetNumberOfBytesToSPICommunication	24	static
ExpansionCards.c:661:13:IOBoards_HandleBoardError	40	static
ExpansionCards.c:673:16:IOBoards_TransmitCommand	24	static
ExpansionCards.c:687:16:IOBoards_ReciveResponse	16	static
ExpansionCards.c:698:16:IOBoards_TransmitData	16	static
ExpansionCards.c:711:16:IOBoards_ReadData	16	static
ExpansionCards.c:722:16:IOBoards_WriteData	16	static
ExpansionCards.c:739:13:DelayNOP	24	static,ignoring_inline_asm
ExpansionCards.c:745:9:GetBoardType	16	static
ExpansionCards.c:750:6:GetExpansionBoard	16	static
ExpansionCards.c:755:16:IOBoards_WaitForSPIStateReady	16	static
ExpansionCards.c:777:13:SendNoCardErrorMessage	64	static
ExpansionCards.c:784:13:SendConfigurationCardErrorMessage	64	static
ExpansionCards.c:791:16:IOBoards_WriteCalibrationToBoard	32	static
ExpansionCards.c:810:16:IOBoards_WriteCalibrationData	16	static
ExpansionCards.c:830:6:IOBoards_ReadCalibrationFromBoard	24	static
ExpansionCards.c:850:6:HART_GetLongAddr	24	static
ExpansionCards.c:869:6:HART_ServiceReadValue	24	static
ExpansionCards.c:884:6:HART_SendCmdResistorOnOff	16	static
ExpansionCards.c:892:6:HART_ChangeAddress	24	static
ExpansionCards.c:905:6:HART_SendRequestReadID	16	static
ExpansionCards.c:913:6:Calibration_Write	48	static
ExpansionCards.c:935:14:IOBoards_ReadValue	24	static
ExpansionCards.c:944:6:Calibration_ReadValues	24	static
ExpansionCards.c:950:13:IOBoards_WriteInitToHartBoard	24	static
ExpansionCards.c:964:6:HART_Init2SendCommandGetLongAddr	696	static
ExpansionCards.c:974:6:SetBoardToCalibartionMode	696	static
ExpansionCards.c:1000:9:GetActiveCalibrationPointsMode	16	static
ExpansionCards.c:1024:6:IOBoards_ChipSelect	16	static
ExpansionCards.c:1034:6:IOBoards_Initalize	8	static
ExpansionCards.c:1040:6:IOBoards_SetChipSelectDemux	16	static
ExpansionCards.c:1047:6:IOBoards_SetChipSelect	16	static
ExpansionCards.c:1078:6:IOBoards_DisableChipSelect	8	static
ExpansionCards.c:1083:6:IOBoards_EnableChipSelect	8	static
ExpansionCards.c:1088:6:IOBoards_PowerOn	16	static
ExpansionCards.c:1093:6:IOBoards_PowerOff	16	static
