measurments.c:28:7:CalculateDemoCharacteristicValue	16	static
measurments.c:33:7:CalculateCharacteristicValue	24	static
measurments.c:105:7:CalculateCharacteristicValueCompute	24	static
measurments.c:127:14:CalcIN6ICharValue	32	static
measurments.c:150:16:RTD_CalculateCelciusTemperature	32	static
measurments.c:162:16:RTD_CalculateFarenheitTemperature	32	static
measurments.c:174:14:CalcIN6RTDCharValue	32	static
measurments.c:275:14:CalcIN6TCCharValue	40	static
measurments.c:311:16:TC_CompensateMesurment	24	static
measurments.c:328:16:TC_CompensateFarenheitMesurment	32	static
measurments.c:335:16:TC_CalculateCelciusTemperature	24	static
measurments.c:436:16:TC_CalculateFarenheitTemperature	24	static
measurments.c:447:14:CalcTCCharValue	40	static
measurments.c:585:14:CalcIN6DCharValue	32	static
measurments.c:629:14:hornerf	32	static
measurments.c:637:13:FarenheitToCelcius	16	static
measurments.c:642:13:CelciusToFarenheit	16	static
measurments.c:647:7:CalculateFilteredValue	24	static
measurments.c:666:7:SetTotalizerPeriodValue	16	static
measurments.c:681:7:SetTotalizerMultiplerValue	16	static
