parameters.c:72:6:FillListOfActiveChannels	16	static
parameters.c:83:9:CheckChannelType	16	static
parameters.c:88:6:CopyArchiveSettings	16	static
parameters.c:97:6:CopyGeneralSettings	16	static
parameters.c:114:6:CopyEthSettings	24	static
parameters.c:127:6:CopyComSettings	16	static
parameters.c:135:6:CopyUserTablesSettings	24	static
parameters.c:145:6:CopyUserTrendsSettings	24	static
parameters.c:164:6:CopyUserCharSettings	24	static
parameters.c:178:5:SetFileParametersCRC	320	static
parameters.c:214:5:ChcekParametersFile	328	static
parameters.c:268:6:ReadExpansionCardsParameters	64	static
parameters.c:400:13:AddFloatParameterToString	40	static
parameters.c:408:13:AddFloatParameterToStringWithResolution	48	static
parameters.c:416:13:AddIntParameterToString	32	static
parameters.c:424:13:HART_ConvertAddressToString	64	static
parameters.c:436:13:AddHARTAddressToString	48	static
parameters.c:444:13:WriteExpansionCardParameters	112	static
parameters.c:621:13:SetDefaultFRAMSettings	64	static
parameters.c:661:13:WriteParametersHeaderToFile	24	static
parameters.c:667:13:WriteGeneralSettingsToFile	64	static
parameters.c:676:13:WriteArchiveSettingsToFile	40	static
parameters.c:684:13:WriteEthSettingsToFile	168	static
parameters.c:701:13:WriteComSettingsToFile	32	static
parameters.c:708:13:WriteUserTablesSettingsToFile	40	static
parameters.c:725:13:WriteUserTrendsSettingsToFile	48	static
parameters.c:749:13:WriteEmptyLineToFile	16	static
parameters.c:754:13:WriteExpansionCardsSettingsToFile	24	static
parameters.c:763:13:WriteSingleChannelParameters	48	static
parameters.c:859:13:WriteChannelsHeaderToFile	16	static
parameters.c:872:13:WriteChannelsSettingsToFile	32	static
parameters.c:881:13:WriteUserCharSettingToFile	32	static
parameters.c:894:13:WriteModbusTCPServersSettingToFile	88	static
parameters.c:910:13:WriteModbusTCPRegistersSettingToFile	56	static
parameters.c:924:13:WriteEmailSettingsToFile	112	static
parameters.c:940:6:saveParameters	32	static
parameters.c:977:13:WriteDefaultGeneralSettingsToFile	24	static
parameters.c:983:13:WriteDefaultArchiveSettingsToFile	16	static
parameters.c:989:13:WriteDefaultEthSettingsToFile	16	static
parameters.c:995:13:WriteDefaultComSettingsToFile	16	static
parameters.c:1001:13:WriteDefaultUserTablesSettingsToFile	40	static
parameters.c:1010:13:WriteDefaultUserTrendsSettingsToFile	40	static
parameters.c:1019:13:WriteDefaultExpansionCardParameters	96	static
parameters.c:1197:13:WriteDefaultChannelsSettingsToFile	40	static
parameters.c:1208:13:WriteDefaultUserCharSettingToFile	40	static
parameters.c:1217:13:WriteDefaultModbusTCPServersSettingToFile	24	static
parameters.c:1226:13:WriteDefaultModbusTCPRegistersSettingToFile	24	static
parameters.c:1235:13:WriteDefaultEmailSettingsToFile	16	static
parameters.c:1241:13:RestoreDefaultParameters	32	static
parameters.c:1278:6:RestoreDefaultSettings	8	static
parameters.c:1285:13:GetGeneralSettingsFromBuffer	32	static
parameters.c:1301:13:GetArchiveSettingsFromBuffer	24	static
parameters.c:1315:13:GetEthSettingsFromBuffer	24	static
parameters.c:1359:13:GetComSettingsFromBuffer	24	static
parameters.c:1376:13:GetChannelSettingsFromBuffer	608	static
parameters.c:1530:13:GetUserCharSettingsFromBuffer	32	static
parameters.c:1545:13:GetTrendSettingsFromBuffer	32	static
parameters.c:1555:13:GetTableSettingsFromBuffer	40	static
parameters.c:1563:13:GetModbusServersSettingsFromBuffer	24	static
parameters.c:1592:13:GetModbusRegistersSettingsFromBuffer	24	static
parameters.c:1611:13:GetEmailSettingsFromBuffer	80	static
parameters.c:1637:13:SetDefaultParameters	32	static
parameters.c:1680:5:loadParameters	88	static
parameters.c:1877:13:LoadLanguageFile	288	static
parameters.c:1887:6:SetLanguage	16	static
parameters.c:1892:6:InitLanguage	8	static
parameters.c:1899:6:HandleInternalDiskErrorState	8	static
parameters.c:1912:6:LoadParametersFile	336	static
parameters.c:1985:6:InitializeModules	8	static
