rtc.c:46:6:MX_RTC_Init	8	static
rtc.c:76:6:HAL_RTC_MspInit	208	static
rtc.c:102:6:HAL_RTC_MspDeInit	16	static
rtc.c:119:13:RTC_SetDST	16	static
rtc.c:128:16:RTC_GetDST	4	static
rtc.c:133:16:CheckDateForDST	24	static
rtc.c:162:13:DST_Update	8	static
rtc.c:179:13:DST_ChangeToWinterTime	8	static
rtc.c:185:13:DST_ChangeToSummerTime	8	static
rtc.c:191:12:CalculateWeekDayFromDate	24	static
rtc.c:196:16:GetWeekDay	32	static
rtc.c:206:6:RTC_Initialize	8	static
rtc.c:233:6:DST_Initialize	24	static
rtc.c:261:6:RTC_GetTimeAndDate	16	static
rtc.c:267:6:RTC_SetTime	16	static
rtc.c:282:6:RTC_SetDate	16	static
rtc.c:292:9:DST_GetFlagState	4	static
rtc.c:297:6:DST_AutoChange	24	static
rtc.c:315:17:secondsToTicks	24	static
rtc.c:329:6:RTC_Calibration	32	static
rtc.c:360:13:RTC_SmoothCalibConfig	56	static
rtc.c:420:7:RTC_GetSecondsCorrection	32	static
