touchpanel.c:168:13:I2Cx_Error	8	static
touchpanel.c:176:6:IOE_Init	8	static
touchpanel.c:181:6:IOE_ITConfig	4	static
touchpanel.c:186:6:IOE_Delay	16	static
touchpanel.c:191:9:IOE_Read	40	static
touchpanel.c:208:6:IOE_Write	40	static
touchpanel.c:223:10:IOE_ReadMultiple	40	static
touchpanel.c:244:6:IOE_WriteMultiple	40	static
touchpanel.c:261:6:SwapBytes	24	static
touchpanel.c:270:10:TS2013_ReadReg	40	static
touchpanel.c:279:13:TS2013_WriteReg	32	static
touchpanel.c:284:13:TS2013_ReadTouchData	40	static
touchpanel.c:292:17:TS2013_DetectTouch	8	static
touchpanel.c:300:13:TS2013_Reset	24	static
touchpanel.c:309:6:TS2013_Init	16	static
touchpanel.c:345:13:TS2013_GetXY	40	static
touchpanel.c:353:6:TOUCHPANEL_Init	32	static
touchpanel.c:374:6:TP_CALIBRATION_SetDefaultsCoef	4	static
touchpanel.c:382:6:TP_CALIBARION_GetRawValues	16	static
touchpanel.c:388:6:TP_CALIBARION_UpdateCoefs	24	static
touchpanel.c:396:6:TP_CALIBRATION_WriteCoefToFRAM	8	static
touchpanel.c:402:6:TP_CALIBRATION_ReadCoefFromFRAM	8	static
touchpanel.c:422:13:TOUCHPANEL_GetState	32	static
touchpanel.c:460:6:TOUCHPANEL_UpdateState	48	static
