archive.c:84:12:GetDataArchiveFreqency	16	static
archive.c:92:12:GetTotalizersArchiveFrequency	16	static
archive.c:100:12:GetMaximumRecordsInBuffer	16	static
archive.c:108:16:archGetNewFileID	16	static
archive.c:118:13:archSaveNewFileID	16	static
archive.c:124:13:archErrorStop	8	static
archive.c:132:13:SetDataArchiveFilePath	16	static
archive.c:137:13:SetTotalizerArchiveFilePath	16	static
archive.c:142:13:SetEventArchiveFilePath	16	static
archive.c:147:12:archivedDataAvailable	16	static
archive.c:157:12:archivedTotalizerAvailable	16	static
archive.c:169:12:checkFrequency	24	static
archive.c:200:16:archCheckTotalizersPeriod	32	static
archive.c:210:16:archCheckDataPeriod	32	static
archive.c:224:16:FREERTOS_StoreDataArchiveToSD	592	static
archive.c:320:13:FREERTOS_StoreTotalizerArchiveToSD	584	static
archive.c:382:13:archDataPolling	2920	static
archive.c:521:13:archTotalizerPolling	6312	static
archive.c:598:13:archEventPolling	824	static
archive.c:665:13:archInitData	752	static
archive.c:748:13:archInitTotalizer	1680	static
archive.c:816:13:archInitEvent	56	static
archive.c:828:13:archCreateNewDataArchive	568	static
archive.c:844:13:archCreateNewTotalizerArchive	568	static
archive.c:859:13:archCreateNewEventArchive	768	static
archive.c:873:13:archCreateNewArchive	16	static
archive.c:896:13:archStartDataArchive	632	static
archive.c:922:13:archStartTotalizerArchive	632	static
archive.c:948:13:archStartEventArchive	632	static
archive.c:973:13:archStartArchive	8	static
archive.c:984:16:SaveArchiveOnSDCard	8	static
archive.c:996:13:updateArchiveTimeAndDate	8	static
archive.c:1001:6:ARCHIVE_SendEvent	24	static
archive.c:1016:6:ARCHIVE_SafeStop	8	static
archive.c:1027:6:ARCHIVE_SafeStart	8	static
archive.c:1033:6:ARCHIVE_CreateNewArchives	8	static
archive.c:1038:9:ARCHIVE_GetFrequencyState	4	static
archive.c:1043:6:ARCHIVE_SetFrequencyState	16	static
archive.c:1048:5:ARCHIVE_GetState	4	static
archive.c:1053:6:ARCHIVE_SaveBuffersToSDCard	8	static
archive.c:1059:10:ARCHIVE_TakeSemaphore	16	static
archive.c:1067:6:ARCHIVE_GiveSemaphore	8	static
archive.c:1072:9:ARCHIVE_IsCurrent	16	static
archive.c:1084:9:ARCHIVE_IsFileCurrentArchive	16	static
archive.c:1096:6:vtaskArchive	312	static
archive.c:1198:6:CreateArchiveTask	16	static
