smtp_netconn.c:41:6:CopyEmailClientSettings	24	static
smtp_netconn.c:54:6:CopyEmailServerSettings	16	static
smtp_netconn.c:60:6:CopyEmailEventSettings	16	static
smtp_netconn.c:67:12:SMTP_ChcekResponseCode	16	static
smtp_netconn.c:75:6:SMTP_SendCyceledEmail	16	static
smtp_netconn.c:111:6:EMAIL_EncodePasswordForSettingsFile	40	static
smtp_netconn.c:123:6:EMAIL_DecodePasswordFromSettingsFile	40	static
smtp_netconn.c:135:6:SMTP_ConvertLoginDataToBase64	40	static
smtp_netconn.c:142:24:SMTP_Connect	24	static
smtp_netconn.c:162:14:SMTP_Disconnect	24	static
smtp_netconn.c:172:16:SMTP_ReciveResponse	40	static
smtp_netconn.c:199:14:SMTP_SendRequest	32	static
smtp_netconn.c:210:14:SMTP_SendMailData	24	static
smtp_netconn.c:215:6:EMAIL_InitDefuaultParameters	8	static
smtp_netconn.c:240:6:EMAIL_Init	8	static
smtp_netconn.c:246:12:IsTotalizerInEmail	16	static
smtp_netconn.c:254:13:EMAIL_SendTestReport	688	static
smtp_netconn.c:287:13:EMAIL_SendTotalizerReport	704	static
smtp_netconn.c:375:13:EMAIL_SendAlarmReport	688	static
smtp_netconn.c:472:13:SMTP_EHLO	368	static
smtp_netconn.c:480:13:SMTP_ConnectionMessage	144	static
smtp_netconn.c:486:12:SMTP_AuthLogin	208	static
smtp_netconn.c:509:12:SMTP_MailFrom	208	static
smtp_netconn.c:523:12:SMTP_RecipientTo	216	static
smtp_netconn.c:550:13:SMTP_DATA	120	static
smtp_netconn.c:558:13:SMTP_QUIT	120	static
smtp_netconn.c:566:6:vtaskAlarmEmail	928	static
smtp_netconn.c:628:6:vtaskTotalizerEmail	736	static
smtp_netconn.c:688:6:vtaskTestSMTPSettings	736	static
smtp_netconn.c:754:6:CreateAlarmEmailTask	24	static
smtp_netconn.c:759:6:CreateTotalizerEmailReportTask	24	static
smtp_netconn.c:764:6:CreateTestEMAILTask	24	static
