tcpipclient_netconn.c:45:13:MBTCP_GroupRegisters	32	static
tcpipclient_netconn.c:93:13:MBTCP_ConvertData	56	static
tcpipclient_netconn.c:187:16:MBTCP_TypeLength	16	static
tcpipclient_netconn.c:209:13:MBTCP_GetDataFromFrame	24	static
tcpipclient_netconn.c:242:13:MBTCP_SetErrorStatus	24	static
tcpipclient_netconn.c:261:14:MBTCP_DisconnectFromServer	24	static
tcpipclient_netconn.c:271:24:MBTCP_ConnectToServer	32	static
tcpipclient_netconn.c:296:13:MBTCP_BuildReadRequestFrame	24	static
tcpipclient_netconn.c:312:13:MBTCP_ConvertRegister	16	static
tcpipclient_netconn.c:339:14:MBTCP_SendRequest	24	static
tcpipclient_netconn.c:344:16:MBTCP_CheckData	32	static
tcpipclient_netconn.c:379:16:MBTCP_ReciveResponse	56	static
tcpipclient_netconn.c:405:29:MBTCP_SelectRegisterToRead	24	static
tcpipclient_netconn.c:419:6:vtaskMBTCPClient	56	static
tcpipclient_netconn.c:520:6:CreateMBTCPClientTask	24	static
tcpipclient_netconn.c:525:6:MBTCP_Initialize	32	static
tcpipclient_netconn.c:557:6:MBTCP_InitDefaultServers	16	static
tcpipclient_netconn.c:574:6:MBTCP_InitDefaultRegisters	16	static
