passwords.c:23:6:SetDefaultPasswords	32	static
passwords.c:43:6:PASSWORDS_ResetLogOutTimer	24	static
passwords.c:48:6:vLogOutTimerCallback	24	static
passwords.c:54:9:PASSWORDS_Login	64	static
passwords.c:113:9:PASSWORDS_GetCurrentLevel	4	static
passwords.c:118:9:PASSWORDS_IsUserPasswordDisable	4	static
passwords.c:123:5:PASSWORDS_Logout	8	static
passwords.c:145:6:PASSWORDS_Init	24	static
passwords.c:174:6:PASSWORDS_Change	16	static
passwords.c:198:6:PASSWORDS_RestoreDefault	8	static
passwords.c:206:7:getUserPassword	4	static
