SetChannelDLG.c:361:13:_cbSetChannelWindow	104	static
SetChannelDLG.c:585:13:_cbSetChannelInputsWindow	64	static
SetChannelDLG.c:814:13:_cbSetChannelGeneralWindow	72	static
SetChannelDLG.c:1128:13:_cbSetChannelTotlizersWindow	48	static
SetChannelDLG.c:1340:13:_cbSetChannelAlarmsWindow	80	static
SetChannelDLG.c:1707:13:_cbSetChannelInputsMeasurmentWindow	48	static
SetChannelDLG.c:1949:13:_cbSetChannelInputsComputedWindow	56	static
SetChannelDLG.c:2166:13:_cbSetChannelModbusWindow	136	static
SetChannelDLG.c:2413:13:_cbSetChannelInputsDemoWindow	40	static
SetChannelDLG.c:2626:13:DrawLowScaleDecorations	24	static
SetChannelDLG.c:2633:13:DrawHighScaleDecorations	24	static
SetChannelDLG.c:2640:13:HideLowScaleElements	24	static
SetChannelDLG.c:2651:13:HideHighScaleElements	24	static
SetChannelDLG.c:2662:13:ShowLowScaleElements	24	static
SetChannelDLG.c:2673:13:ShowHighScaleElements	24	static
SetChannelDLG.c:2684:9:CreateSetChannels	32	static
SetChannelDLG.c:2692:16:CreateChannelGeneral	32	static
SetChannelDLG.c:2699:16:CreateChannelInputs	32	static
SetChannelDLG.c:2706:16:CreateChannelInputsMeasurment	32	static
SetChannelDLG.c:2714:16:CreateChannelInputsComputed	32	static
SetChannelDLG.c:2722:16:CreateChannelModbus	32	static
SetChannelDLG.c:2730:16:CreateChannelInputsDemo	32	static
SetChannelDLG.c:2738:16:CreateChannelTotalizers	32	static
SetChannelDLG.c:2746:16:CreateChannelAlarms	32	static
SetChannelDLG.c:2753:6:FillIOBoardDropdownList	32	static
SetChannelDLG.c:2781:6:FillCharacteristicDropdownList	16	static
SetChannelDLG.c:2864:6:SelectCharacteristicList	16	static
SetChannelDLG.c:2908:12:CheckChannelSettings	16	static
SetChannelDLG.c:2974:13:setCharacteristicsWidgets	32	static
SetChannelDLG.c:3160:13:MultipageMessage	24	static
SetChannelDLG.c:3172:13:ShowUserCharElements	24	static
SetChannelDLG.c:3181:13:HideUserCharElements	24	static
SetChannelDLG.c:3190:13:HideDots	24	static
SetChannelDLG.c:3196:13:ShowDots	24	static
SetChannelDLG.c:3203:13:CheckFormulaResolution	632	static
