SetIOBoardsDLG.c:297:13:_cbSetIOBoards	40	static
SetIOBoardsDLG.c:416:13:_cbSetIOBoard	80	static
SetIOBoardsDLG.c:576:13:_cbSetGeneralHARTBoard	80	static
SetIOBoardsDLG.c:692:12:StringToHartAddr	40	static
SetIOBoardsDLG.c:740:13:HartAddrTostring	56	static
SetIOBoardsDLG.c:758:13:_cbSetGeneralIOBoard	40	static
SetIOBoardsDLG.c:858:13:DROPDOWN_AddRSPortStrings	16	static
SetIOBoardsDLG.c:872:13:DROPDOWN_AddRSParityStrings	16	static
SetIOBoardsDLG.c:879:13:DROPDOWN_AddRSstopBitsStrings	16	static
SetIOBoardsDLG.c:885:13:_cbSetRS485port	56	static
SetIOBoardsDLG.c:1037:13:_cbSetRS485registers	40	static
SetIOBoardsDLG.c:1091:13:_cbSetRegister	64	static
SetIOBoardsDLG.c:1239:13:_cbSetAnalogOutputBoard	80	static
SetIOBoardsDLG.c:1434:13:_cbEditHARTAddresses	88	static
SetIOBoardsDLG.c:1553:16:CreateEditHARTAddresses	32	static
SetIOBoardsDLG.c:1561:13:_cbSetDevicesHARTBoard	80	static
SetIOBoardsDLG.c:1633:13:_cbEditHARTReadValues	120	static
SetIOBoardsDLG.c:1888:16:CreateEditHARTReadValues	32	static
SetIOBoardsDLG.c:1896:13:_cbSetValuesHARTBoard	88	static
SetIOBoardsDLG.c:2072:9:CreateSetIOBoardsWin	32	static
SetIOBoardsDLG.c:2080:16:SetIOBoard	32	static
SetIOBoardsDLG.c:2087:16:SetGeneralIOBoard	32	static
SetIOBoardsDLG.c:2094:16:CreateSetRS485port	32	static
SetIOBoardsDLG.c:2101:16:CreateSetRS485registers	32	static
SetIOBoardsDLG.c:2108:16:CreateSetRegister	40	static
SetIOBoardsDLG.c:2117:16:CreateSetAnalogOutputBoard	32	static
SetIOBoardsDLG.c:2124:16:CreateSetGeneralHARTBoard	32	static
SetIOBoardsDLG.c:2131:16:CreateSetDevicesHARTBoard	32	static
SetIOBoardsDLG.c:2138:16:CreateSetValuesHARTBoard	32	static
SetIOBoardsDLG.c:2145:12:CheckHARTcardSettings	24	static
SetIOBoardsDLG.c:2183:12:CheckIOcardSettings	24	static
SetIOBoardsDLG.c:2206:12:CheckOUTcardSettings	24	static
SetIOBoardsDLG.c:2223:12:CheckRScardPortSettings	16	static
SetIOBoardsDLG.c:2236:12:CheckRScardChannelSettings	16	static
SetIOBoardsDLG.c:2249:12:CheckRScardSettings	24	static
SetIOBoardsDLG.c:2262:12:ChcekExpansionCardsSettings	16	static
SetIOBoardsDLG.c:2284:13:DeleteIOPages	40	static
SetIOBoardsDLG.c:2325:13:RefreshIOPages	40	static
SetIOBoardsDLG.c:2386:13:SaveSettingsFromIOPages	40	static
SetIOBoardsDLG.c:2451:13:SendMessageToPage	24	static
SetIOBoardsDLG.c:2460:13:CreateIOPages	24	static
SetIOBoardsDLG.c:2562:13:SetAdjusmentParametersVisibility	56	static
SetIOBoardsDLG.c:2603:13:SetConstantCompensationValueVisibility	24	static
SetIOBoardsDLG.c:2622:13:InitCompensationParametersValues	48	static
SetIOBoardsDLG.c:2637:13:SetCompensationParametersVisibility	24	static
SetIOBoardsDLG.c:2673:13:PaintIOBoardDecoration	40	static
SetIOBoardsDLG.c:2684:12:CheckParameterLimits	40	static
SetIOBoardsDLG.c:2701:13:LISTVIEW_RefreshRSChannel	40	static
SetIOBoardsDLG.c:2713:13:LISTVIEW_InitRSchannels	24	static
SetIOBoardsDLG.c:2725:13:SetOutputFailureValueVisibility	16	static
SetIOBoardsDLG.c:2739:13:SetOutputElementsVisibility	16	static
SetIOBoardsDLG.c:2769:13:DrawOutputDecorations	32	static
SetIOBoardsDLG.c:2780:13:SetOutputScaleDescryptions	24	static
